// Jest Snapshot v1, https://goo.gl/fbAQLP

exports[`<SeatMap /> should match snapshot 1`] = `
<SeatGrid
  seats={Object {}}
  selectSeat={[Function]}
/>
`;
